// Jest Snapshot v1, https://goo.gl/fbAQLP

exports[`src/components/elements/CardUser render 1`] = `
<div
  className=" flex"
>
  <div
    className="card_user w-full p-5 rounded-lg border bg-gradient-to-r from-pink-500 via-red-500 to-yellow-400 ..."
    onClick={[Function]}
  >
    <div
      className="text-white"
    >
      <h2
        className="text-lg font-bold"
      >
        test
      </h2>
      <p
        className="text-sm"
      >
        testbody
      </p>
    </div>
  </div>
</div>
`;
