// Jest Snapshot v1, https://goo.gl/fbAQLP

exports[`src/components/elements/BannerInfo render 1`] = `
<div
  className="w-full p-5 rounded-lg border "
>
  <p
    className="text-sm"
  >
    test
  </p>
  <h2
    className="text-lg font-bold"
  >
    title
  </h2>
  <p
    className="text-sm"
  >
    test subtitle
  </p>
</div>
`;
